P2-Spine-2#show ip bgp
BGP routing table information for VRF default
Router identifier 10.16.50.250, local AS number 65601
Route status codes: s - suppressed, * - valid, > - active, E - ECMP head, e - ECMP
                    S - Stale, c - Contributing to ECMP, b - backup, L - labeled-unicast
                    % - Pending BGP convergence
Origin codes: i - IGP, e - EGP, ? - incomplete
RPKI Origin Validation codes: V - valid, I - invalid, U - unknown
AS Path Attributes: Or-ID - Originator ID, C-LST - Cluster List, LL Nexthop - Link Local Nexthop

          Network                Next Hop              Metric  AIGP       LocPref Weight  Path
P2-Spine-2#show ip route

VRF: default
Codes: C - connected, S - static, K - kernel,
       O - OSPF, IA - OSPF inter area, E1 - OSPF external type 1,
       E2 - OSPF external type 2, N1 - OSPF NSSA external type 1,
       N2 - OSPF NSSA external type2, B - Other BGP Routes,
       B I - iBGP, B E - eBGP, R - RIP, I L1 - IS-IS level 1,
       I L2 - IS-IS level 2, O3 - OSPFv3, A B - BGP Aggregate,
       A O - OSPF Summary, NG - Nexthop Group Static Route,
       V - VXLAN Control Service, M - Martian,
       DH - DHCP client installed default route,
       DP - Dynamic Policy Route, L - VRF Leaked,
       G  - gRIBI, RC - Route Cache Route

Gateway of last resort is not set

 I L1     10.16.33.250/32 [115/20] via 10.16.50.11, Ethernet1
 I L1     10.16.34.250/32 [115/20] via 10.16.50.13, Ethernet2
 I L1     10.16.35.250/32 [115/20] via 10.16.50.15, Ethernet3
 I L1     10.16.49.10/31 [115/20] via 10.16.50.11, Ethernet1
 I L1     10.16.49.12/31 [115/20] via 10.16.50.13, Ethernet2
 I L1     10.16.49.14/31 [115/20] via 10.16.50.15, Ethernet3
 I L1     10.16.49.250/32 [115/30] via 10.16.50.11, Ethernet1
                                   via 10.16.50.13, Ethernet2
                                   via 10.16.50.15, Ethernet3
 C        10.16.50.10/31 is directly connected, Ethernet1
 C        10.16.50.12/31 is directly connected, Ethernet2
 C        10.16.50.14/31 is directly connected, Ethernet3
 C        10.16.50.250/32 is directly connected, Loopback0
 C        10.17.1.16/31 is directly connected, Ethernet5
 C        10.17.2.16/31 is directly connected, Ethernet6

P2-Spine-2#show isis neighbors

Instance  VRF      System Id        Type Interface          SNPA              State Hold time   Circuit Id
underlay  default  P2-Leaf-1        L1   Ethernet1          P2P               UP    22          16
underlay  default  P2-Leaf-2        L1   Ethernet2          P2P               UP    24          16
underlay  default  P2-Leaf-3        L1   Ethernet3          P2P               UP    24          16
P2-Spine-2#show bgp evpn
BGP routing table information for VRF default
Router identifier 10.16.50.250, local AS number 65601
Route status codes: * - valid, > - active, S - Stale, E - ECMP head, e - ECMP
                    c - Contributing to ECMP, % - Pending BGP convergence
Origin codes: i - IGP, e - EGP, ? - incomplete
AS Path Attributes: Or-ID - Originator ID, C-LST - Cluster List, LL Nexthop - Link Local Nexthop

          Network                Next Hop              Metric  LocPref Weight  Path
 * >      RD: 10.16.33.250:90 mac-ip 0050.7966.680d
                                 10.16.33.250          -       100     0       65101 i
 * >      RD: 10.16.33.250:100 mac-ip 0050.7966.680e
                                 10.16.33.250          -       100     0       65101 i
 * >      RD: 10.16.34.250:100 mac-ip 0050.7966.6812
                                 10.16.34.250          -       100     0       65102 i
 * >      RD: 10.16.35.250:90 mac-ip 0050.7966.6813
                                 10.16.35.250          -       100     0       65103 i
 * >      RD: 10.16.33.250:90 imet 10.16.33.250
                                 10.16.33.250          -       100     0       65101 i
 * >      RD: 10.16.33.250:100 imet 10.16.33.250
                                 10.16.33.250          -       100     0       65101 i
 * >      RD: 10.16.34.250:100 imet 10.16.34.250
                                 10.16.34.250          -       100     0       65102 i
 * >      RD: 10.16.35.250:90 imet 10.16.35.250
                                 10.16.35.250          -       100     0       65103 i
 * >      RD: 10.16.35.250:100 imet 10.16.35.250
                                 10.16.35.250          -       100     0       65103 i
P2-Spine-2#show bgp evpn summary '
% Invalid input
P2-Spine-2#show bgp evpn summary
BGP summary information for VRF default
Router identifier 10.16.50.250, local AS number 65601
Neighbor Status Codes: m - Under maintenance
  Neighbor     V AS           MsgRcvd   MsgSent  InQ OutQ  Up/Down State   PfxRcd PfxAcc
  10.16.33.250 4 65101           1101      1100    0    0 00:46:21 Estab   4      4
  10.16.34.250 4 65102           1108      1111    0    0 00:46:20 Estab   2      2
  10.16.35.250 4 65103           1099      1105    0    0 00:46:20 Estab   3      3
P2-Spine-2#
